table_ts object
Frequency Y :
Topleft part of the result (the first 6 rows and 10 columns):
     334_slbg_wn_ 334_slmg_wn_ 33_slbg_wn_ 33_slmg_wn_ ag_slbg_wn_ ag_slmg_wn_
2015     38271057     25726161          NA    52192069    10400881     7271155
2016     34299860     22527007          NA    45083125     8163039     5463564
2017     35793531     23044864          NA    48988472     6431667     6534390
     el_slbg_wn_ el_slmg_wn_ en_slbg_wn_ en_slmg_wn_
2015      979330     1176978    56954547    64246402
2016      707730      873227    50489687    54776343
2017      823143      648530    54267308    59715404
Frequency M :
Topleft part of the result (the first 6 rows and 10 columns):
        334_slbg_wn_ 334_slmg_wn_ 33_slbg_wn_ 33_slmg_wn_ ag_slbg_wn_
2015M01      3015518      2021489          NA     3949877     1517032
2015M02      3102118      1858820          NA     3998394     1397754
2015M03      3812898      2627964          NA     4916269     1126056
2015M04      3765342      2390718          NA     4876052      780023
2015M05      3412546      2641908          NA     5363974      620177
2015M06      3818054      2248883          NA     5000537      665668
        ag_slmg_wn_ el_slbg_wn_ el_slmg_wn_ en_slbg_wn_ en_slmg_wn_
2015M01      409434       86655      100884     5117795     4714704
2015M02      465479      102164       92045     5203657     4810437
2015M03      631348       96167      102779     5720924     5974921
2015M04      717846       82383       91613     5224587     6035197
2015M05      693143       46323      106053     4860332     6482696
2015M06      596820       56399      123811     5207377     6032102
