[1] "No matching entries found for dimension Topic:\nTotaal_17 - \"Beloning van werknemers - Totaal\"\nLonen_18 - \"Beloning van werknemers - Lonen\"\nSocialePremiesTLVWerkgevers_19 - \"Beloning van werknemers - Sociale premies t.l.v. werkgevers\"\nTotaal_20 - \"Belastingen op productie en invoer - Totaal\"\nNietProductgebondenBelastingen_25 - \"Productgebonden belastingen - Niet-productgebonden belastingen\"\nVerschilToegerekendeEnAfgedragenBtw_26 - \"Productgebonden belastingen - Verschil toegerekende en afgedragen btw\"\nTotaal_27 - \"Subsidies (-) - Totaal\"\nSubsidiesProductgebonden_28 - \"Subsidies (-) - Subsidies productgebonden\"\nSubsidiesNietProductgebonden_29 - \"Subsidies (-) - Subsidies niet-productgebonden\"\nTotaal_30 - \"Inkomen uit vermogen - Totaal\"\nRenteConformNationaleRekeningen_31 - \"Rente - Rente conform nationale rekeningen\"\nCorrectieVoorIGDFI_32 - \"Rente - Correctie voor IGDFI\"\nWerkelijkBetaaldeOntvangenRente_33 - \"Rente - Werkelijk betaalde/ontvangen rente\"\nTotaal_34 - \"Winstuitkeringen - Totaal\"\nDividenden_35 - \"Winstuitkeringen - Dividenden\"\nInkomenOnttrokkenAanQuasiVennootsch_36 - \"Winstuitkeringen - Inkomen onttrokken aan quasi-vennootsch.\"\nHerbelegdeWinstenOpDirBuitenlInv_37 - \"Winstuitkeringen - Herbelegde winsten op dir. buitenl. inv.\"\nTotaal_38 - \"Overig inkomen uit beleggingen - Totaal\"\nInkomenToegerekendAanPolishouders_39 - \"Overig inkomen uit beleggingen - Inkomen toegerekend aan polishouders\"\nInkTeBetalenAanPensioengerechtigden_40 - \"Overig inkomen uit beleggingen - Ink. te betalen aan pensioengerechtigden\"\nInkomenToegerekendAanAandeelhouders_41 - \"Overig inkomen uit beleggingen - Inkomen toegerekend aan aandeelhouders\"\nBelastingenOpVermogen_45 - \"Belastingen op inkomen en vermogen - Belastingen op vermogen\"\nTotaal_46 - \"Sociale premies en uitkeringen - Totaal\"\nTotaal_47 - \"Sociale premies - Totaal\"\nWerkSocialePremiesTLVWerkgevers_48 - \"Sociale premies - Werk. sociale premies t.l.v. werkgevers\"\nToegSocialePremiesTLVWerkgevers_49 - \"Sociale premies - Toeg. sociale premies t.l.v. werkgevers\"\nWerkSocialePremiesTLVHuishoudens_50 - \"Sociale premies - Werk. sociale premies t.l.v. huishoudens\"\nAanvSocialePremiesTLVHuishoudens_51 - \"Sociale premies - Aanv. sociale premies t.l.v. huishoudens\"\nVergoedingSocialeverzekeringsregeling_52 - \"Sociale premies - Vergoeding socialeverzekeringsregeling\"\nTotaal_53 - \"Sociale uitkeringen (in geld) - Totaal\"\nUitkeringenSocialeZekerheidInGeld_54 - \"Sociale uitkeringen (in geld) - Uitkeringen sociale zekerheid in geld\"\nUitkeringenOverigeSocialeUitkering_55 - \"Sociale uitkeringen (in geld) - Uitkeringen overige sociale uitkering\"\nUitkeringenSocialeVoorzieningInGeld_56 - \"Sociale uitkeringen (in geld) - Uitkeringen sociale voorziening in geld\"\nTotaal_57 - \"Overige inkomensoverdrachten - Totaal\"\nUitkeringenSchadeverzekeringen_59 - \"Overige inkomensoverdrachten - Uitkeringen schadeverzekeringen\"\nInkomensoverdrachtenBinnenDeOverheid_60 - \"Overige inkomensoverdrachten - Inkomensoverdrachten binnen de overheid\"\nOverdrachtenIvmInternatSamenwerking_61 - \"Overige inkomensoverdrachten - Overdrachten ivm internat. samenwerking\"\nOverigeInkomensoverdrachtenNEG_62 - \"Overige inkomensoverdrachten - Overige inkomensoverdrachten n.e.g.\"\nCorrectieMutatiesInPensioenrechten_64 - \"Overige inkomensoverdrachten - Correctie mutaties in pensioenrechten\"\nTotaal_65 - \"Kapitaaloverdrachten - Totaal\"\nVermogensheffingen_66 - \"Kapitaaloverdrachten - Vermogensheffingen\"\nInvesteringsbijdragen_67 - \"Kapitaaloverdrachten - Investeringsbijdragen\"\nOverigeKapitaaloverdrachten_68 - \"Kapitaaloverdrachten - Overige kapitaaloverdrachten\"\nTotaal_76 - \"Beloning van werknemers - Totaal\"\nLonen_77 - \"Beloning van werknemers - Lonen\"\nSocialePremiesTLVWerkgevers_78 - \"Beloning van werknemers - Sociale premies t.l.v. werkgevers\"\nTotaal_79 - \"Belastingen op productie en invoer - Totaal\"\nNietProductgebondenBelastingen_81 - \"Belastingen op productie en invoer - Niet-productgebonden belastingen\"\nTotaal_82 - \"Subsidies (-) - Totaal\"\nSubsidiesProductgebonden_83 - \"Subsidies (-) - Subsidies productgebonden\"\nSubsidiesNietProductgebonden_84 - \"Subsidies (-) - Subsidies niet-productgebonden\"\nTotaal_85 - \"Inkomen uit vermogen - Totaal\"\nRenteConformNationaleRekeningen_86 - \"Rente - Rente conform nationale rekeningen\"\nCorrectieVoorIGDFI_87 - \"Rente - Correctie voor IGDFI\"\nWerkelijkBetaaldeOntvangenRente_88 - \"Rente - Werkelijk betaalde/ontvangen rente\"\nTotaal_89 - \"Winstuitkeringen - Totaal\"\nDividenden_90 - \"Winstuitkeringen - Dividenden\"\nInkomenOnttrokkenAanQuasiVennootsch_91 - \"Winstuitkeringen - Inkomen onttrokken aan quasi-vennootsch.\"\nHerbelegdeWinstenOpDirBuitenlInv_92 - \"Winstuitkeringen - Herbelegde winsten op dir. buitenl. inv.\"\nTotaal_93 - \"Overig inkomen uit beleggingen - Totaal\"\nInkomenToegerekendAanPolishouders_94 - \"Overig inkomen uit beleggingen - Inkomen toegerekend aan polishouders\"\nInkTeBetalenAanPensioengerechtigden_95 - \"Overig inkomen uit beleggingen - Ink. te betalen aan pensioengerechtigden\"\nInkomenToegerekendAanAandeelhouders_96 - \"Overig inkomen uit beleggingen - Inkomen toegerekend aan aandeelhouders\"\nBelastingenOpVermogen_100 - \"Belastingen op inkomen en vermogen - Belastingen op vermogen\"\nTotaal_101 - \"Sociale premies en uitkeringen - Totaal\"\nTotaal_102 - \"Sociale premies - Totaal\"\nWerkSocialePremiesTLVWerkgevers_103 - \"Sociale premies - Werk. sociale premies t.l.v. werkgevers\"\nToegSocialePremiesTLVWerkgevers_104 - \"Sociale premies - Toeg. sociale premies t.l.v. werkgevers\"\nWerkSocialePremiesTLVHuishoudens_105 - \"Sociale premies - Werk. sociale premies t.l.v. huishoudens\"\nAanvSocialePremiesTLVHuishoudens_106 - \"Sociale premies - Aanv. sociale premies t.l.v. huishoudens\"\nVergoedingSocialeverzekeringsregeling_107 - \"Sociale premies - Vergoeding socialeverzekeringsregeling\"\nTotaal_108 - \"Sociale uitkeringen (in geld) - Totaal\"\nUitkeringenSocialeZekerheidInGeld_109 - \"Sociale uitkeringen (in geld) - Uitkeringen sociale zekerheid in geld\"\nUitkeringenOverigeSocialeUitkering_110 - \"Sociale uitkeringen (in geld) - Uitkeringen overige sociale uitkering\"\nUitkeringenSocialeVoorzieningInGeld_111 - \"Sociale uitkeringen (in geld) - Uitkeringen sociale voorziening in geld\"\nTotaal_112 - \"Overige inkomensoverdrachten - Totaal\"\nUitkeringenSchadeverzekeringen_114 - \"Overige inkomensoverdrachten - Uitkeringen schadeverzekeringen\"\nInkomensoverdrachtenBinnenDeOverheid_115 - \"Overige inkomensoverdrachten - Inkomensoverdrachten binnen de overheid\"\nOverdrachtenIvmInternatSamenwerking_116 - \"Overige inkomensoverdrachten - Overdrachten ivm internat. samenwerking\"\nOverigeInkomensoverdrachtenNEG_117 - \"Overige inkomensoverdrachten - Overige inkomensoverdrachten n.e.g.\"\nCorrectieMutatiesInPensioenrechten_119 - \"Overige inkomensoverdrachten - Correctie mutaties in pensioenrechten\"\nTotaal_127 - \"Kapitaaloverdrachten - Totaal\"\nVermogensheffingen_128 - \"Kapitaaloverdrachten - Vermogensheffingen\"\nInvesteringsbijdragen_129 - \"Kapitaaloverdrachten - Investeringsbijdragen\"\nOverigeKapitaaloverdrachten_130 - \"Kapitaaloverdrachten - Overige kapitaaloverdrachten\".\nCheck match_reports/82595NED_84098NED_Topic.xlsx."
[2] "No matching entries found for dimension InstitutioneleSectoren:\n0S1313 - \"Lagere overheid\".\nCheck match_reports/82595NED_84098NED_InstitutioneleSectoren.xlsx."                                                                                                                                                                                                                                                                                                                                                                                                                                                                                                                                                                                                                                                                                                                                                                                                                                                                                                                                                                                                                                                                                                                                                                                                                                                                                                                                                                                                                                                                                                                                                                                                                                                                                                                                                                                                                                                                                                                                                                                                                                                                                                                                                                                                                                                                                                                                                                                                                                                                                                                                                                                                                                                                                                                                                                                                                                                                                                                                                                                                                                                                                                                                                                                                                                                                                                                                                                                                                                                                                                                                                                                                                                                                                                                                                                                                                                                                                                                                                                                                                                                                                                                                                                                                                                                                                                                                                                                                                                                                                                                                                                                                                                                                                                                                                                                                                                                                                                                                                                                                                                                                                                                                                                                                                                                                                                                                                                                                                                                                                                                                                                                                                                                                                                                                                                                                                                                                                                                                                                                                                                                                                                                                                                                                                                                                                                                                                                                                                                                                                                                                                                                                                                                                                                                                                                                                                                                                                                                                                                                                                                                                                                                                                                                                                                                                                                                                                                                                                                                                                         
[3] "Imperfect matches found for dimension NietGeconsolideerdGeconsolideerd.\nCheck match_reports/82595NED_84098NED_NietGeconsolideerdGeconsolideerd.xlsx."                                                                                                                                                                                                                                                                                                                                                                                                                                                                                                                                                                                                                                                                                                                                                                                                                                                                                                                                                                                                                                                                                                                                                                                                                                                                                                                                                                                                                                                                                                                                                                                                                                                                                                                                                                                                                                                                                                                                                                                                                                                                                                                                                                                                                                                                                                                                                                                                                                                                                                                                                                                                                                                                                                                                                                                                                                                                                                                                                                                                                                                                                                                                                                                                                                                                                                                                                                                                                                                                                                                                                                                                                                                                                                                                                                                                                                                                                                                                                                                                                                                                                                                                                                                                                                                                                                                                                                                                                                                                                                                                                                                                                                                                                                                                                                                                                                                                                                                                                                                                                                                                                                                                                                                                                                                                                                                                                                                                                                                                                                                                                                                                                                                                                                                                                                                                                                                                                                                                                                                                                                                                                                                                                                                                                                                                                                                                                                                                                                                                                                                                                                                                                                                                                                                                                                                                                                                                                                                                                                                                                                                                                                                                                                                                                                                                                                                                                                                                                                                                                                      
